[[560.0, 562.0, 564.0, 576.0, 581.0, 595.0, 597.0, 610.0, 614.0, 614.0, 622.0, 632.0, 636.0, 638.0, 644.0, 647.0, 652.0, 652.0, 661.0, 664.0, 671.0, 678.0, 678.0, 685.0, 686.0, 690.0, 691.0, 694.0, 699.0, 700.0, 707.0, 710.0, 710.0, 714.0, 715.0, 720.0, 722.0, 726.0, 731.0, 733.0, 735.0, 739.0, 743.0, 744.0, 747.0, 751.0, 761.0, 761.0, 762.0, 764.0, 766.0, 768.0, 767.0, 770.0, 772.0, 775.0, 777.0, 779.0, 783.0, 787.0, 789.0, 789.0, 791.0, 799.0, 797.0, 799.0, 799.0, 801.0, 803.0, 805.0, 804.0, 808.0, 810.0, 810.0, 810.0, 813.0, 815.0, 818.0, 819.0, 822.0, 822.0, 823.0, 824.0, 827.0, 828.0, 828.0, 829.0, 831.0, 833.0, 836.0, 837.0, 837.0, 840.0, 840.0, 842.0, 844.0, 844.0, 844.0, 847.0, 847.0, 848.0, 851.0, 851.0, 851.0, 852.0, 852.0, 854.0, 854.0, 855.0, 856.0, 857.0, 858.0, 858.0, 859.0, 861.0, 861.0, 861.0, 862.0, 864.0, 866.0]]
